// Jest Snapshot v1, https://goo.gl/fbAQLP

exports[`<Mocked/> should render without crashing 1`] = `
LoadedCheerio {
  "0": <div>
    Mocked component
    <form>
      <input
        type="text"
      />
      <button>
        Save
      </button>
    </form>
  </div>,
  "_root": LoadedCheerio {
    "0": Document {
      "children": Array [
        <html>
          <head />
          <body />
        </html>,
      ],
      "endIndex": null,
      "next": null,
      "parent": null,
      "prev": null,
      "startIndex": null,
      "type": "root",
      "x-mode": "quirks",
    },
    "_root": [Circular],
    "length": 1,
    "options": Object {
      "decodeEntities": true,
      "xml": false,
    },
  },
  "length": 1,
  "options": Object {
    "decodeEntities": true,
    "xml": false,
  },
}
`;
